// Bun Snapshot v1, https://bun.sh/docs/test/snapshots

exports[`Phase 5 vinyl frames full-face vinyl 140x40 1`] = `
" SpoTUI ·                                                                                                                                   
                                                                                                                              KEYS   THEME  
────────────────────────────────────────────────────────────────────────────────────────────────────────────────────────────────────────────
                                                                                                                                            
                                                                [QUEUE] [LYRICS] [INFO] [DEVICE]  / QUEUE                                   
                                                                Queue is empty. Press u to view or refresh it.                              
                                                                                                                                            
    ▀▀▀▀▀▀▀▀▀▀▀▀▀▀▀▀▀▀▀▀▀▀▀▀▀▀▀▀▀▀▀▀▀▀▀▀▀▀▀▀▀▀▀▀▀▀▀▀▀▀▀▀▀▀                                                                                  
    ▀▀▀▀▀▀▀▀▀▀▀▀▀▀▀▀▀▀▀▀▀▀▀▀▀▀▀▀▀▀▀▀▀▀▀▀▀▀▀▀▀▀▀▀▀▀▀▀▀▀▀▀▀▀                                                                                  
    ▀▀▀▀▀▀▀▀▀▀▀▀▀▀▀▀▀▀▀▀▀▀▀▀▀▀▀▀▀▀▀▀▀▀▀▀▀▀▀▀▀▀▀▀▀▀▀▀▀▀▀▀▀▀                                                                                  
    ▀▀▀▀▀▀▀▀▀▀▀▀▀▀▀▀▀▀▀▀▀▀▀▀▀▀▀▀▀▀▀▀▀▀▀▀▀▀▀▀▀▀▀▀▀▀▀▀▀▀▀▀▀▀                                                                                  
    ▀▀▀▀▀▀▀▀▀▀▀▀▀▀▀▀▀▀▀▀▀▀▀▀▀▀▀▀▀▀▀▀▀▀▀▀▀▀▀▀▀▀▀▀▀▀▀▀▀▀▀▀▀▀                                                                                  
    ▀▀▀▀▀▀▀▀▀▀▀▀▀▀▀▀▀▀▀▀▀▀▀▀▀▀▀▀▀▀▀▀▀▀▀▀▀▀▀▀▀▀▀▀▀▀▀▀▀▀▀▀▀▀                                                                                  
    ▀▀▀▀▀▀▀▀▀▀▀▀▀▀▀▀▀▀▀▀▀▀▀▀▀▀▀▀▀▀▀▀▀▀▀▀▀▀▀▀▀▀▀▀▀▀▀▀▀▀▀▀▀▀                         ▮ ▮     ▮ ▮ ▮ ▮ ▮ ▮     ▮ ▮ ▮                            
    ▀▀▀▀▀▀▀▀▀▀▀▀▀▀▀▀▀▀▀▀▀▀▀▀▀▀▀▀▀▀▀▀▀▀▀▀▀▀▀▀▀▀▀▀▀▀▀▀▀▀▀▀▀▀                   ▮ ▮ ▮ ▮ ▮ ▮ ▮ ▮ ▮ ▮ ▮ ▮ ▮ ▮ ▮ ▮ ▮ ▮ ▮ ▮ ▮ ▮ ▮ ▮                
    ▀▀▀▀▀▀▀▀▀▀▀▀▀▀▀▀▀▀▀▀▀▀▀▀▀▀▀▀▀▀▀▀▀▀▀▀▀▀▀▀▀▀▀▀▀▀▀▀▀▀▀▀▀▀                   ▮ ▮ ▮ ▮ ▮ ▮ ▮ ▮ ▮ ▮ ▮ ▮ ▮ ▮ ▮ ▮ ▮ ▮ ▮ ▮ ▮ ▮ ▮ ▮                
    ▀▀▀▀▀▀▀▀▀▀▀▀▀▀▀▀▀▀▀▀▀▀▀▀▀▀▀▀▀▀▀▀▀▀▀▀▀▀▀▀▀▀▀▀▀▀▀▀▀▀▀▀▀▀                         ▮ ▮     ▮ ▮ ▮ ▮ ▮ ▮     ▮ ▮ ▮                            
    ▀▀▀▀▀▀▀▀▀▀▀▀▀▀▀▀▀▀▀▀▀▀▀▀▀▀▀▀▀▀▀▀▀▀▀▀▀▀▀▀▀▀▀▀▀▀▀▀▀▀▀▀▀▀                                                                                  
    ▀▀▀▀▀▀▀▀▀▀▀▀▀▀▀▀▀▀▀▀▀▀▀▀▀▀▀▀▀▀▀▀▀▀▀▀▀▀▀▀▀▀▀▀▀▀▀▀▀▀▀▀▀▀                                    Warm Receiver                                 
    ▀▀▀▀▀▀▀▀▀▀▀▀▀▀▀▀▀▀▀▀▀▀▀▀▀▀▀▀▀▀▀▀▀▀▀▀▀▀▀▀▀▀▀▀▀▀▀▀▀▀▀▀▀▀                                                                                  
    ▀▀▀▀▀▀▀▀▀▀▀▀▀▀▀▀▀▀▀▀▀▀▀▀▀▀▀▀▀▀▀▀▀▀▀▀▀▀▀▀▀▀▀▀▀▀▀▀▀▀▀▀▀▀                             Signal Unit · Night Signals                          
    ▀▀▀▀▀▀▀▀▀▀▀▀▀▀▀▀▀▀▀▀▀▀▀▀▀▀▀▀▀▀▀▀▀▀▀▀▀▀▀▀▀▀▀▀▀▀▀▀▀▀▀▀▀▀                                                                                  
    ▀▀▀▀▀▀▀▀▀▀▀▀▀▀▀▀▀▀▀▀▀▀▀▀▀▀▀▀▀▀▀▀▀▀▀▀▀▀▀▀▀▀▀▀▀▀▀▀▀▀▀▀▀▀                                                                                  
    ▀▀▀▀▀▀▀▀▀▀▀▀▀▀▀▀▀▀▀▀▀▀▀▀▀▀▀▀▀▀▀▀▀▀▀▀▀▀▀▀▀▀▀▀▀▀▀▀▀▀▀▀▀▀                            ┌───┐ ┌───┐ ┌─────┐ ┌───┐ ┌───┐                       
    ▀▀▀▀▀▀▀▀▀▀▀▀▀▀▀▀▀▀▀▀▀▀▀▀▀▀▀▀▀▀▀▀▀▀▀▀▀▀▀▀▀▀▀▀▀▀▀▀▀▀▀▀▀▀                            │ ⇄ │ │|◀ │ │  Ⅱ  │ │▶| │ │ ↻ │                       
    ▀▀▀▀▀▀▀▀▀▀▀▀▀▀▀▀▀▀▀▀▀▀▀▀▀▀▀▀▀▀▀▀▀▀▀▀▀▀▀▀▀▀▀▀▀▀▀▀▀▀▀▀▀▀                            └───┘ └───┘ └─────┘ └───┘ └───┘                       
    ▀▀▀▀▀▀▀▀▀▀▀▀▀▀▀▀▀▀▀▀▀▀▀▀▀▀▀▀▀▀▀▀▀▀▀▀▀▀▀▀▀▀▀▀▀▀▀▀▀▀▀▀▀▀                                                                                  
    ▀▀▀▀▀▀▀▀▀▀▀▀▀▀▀▀▀▀▀▀▀▀▀▀▀▀▀▀▀▀▀▀▀▀▀▀▀▀▀▀▀▀▀▀▀▀▀▀▀▀▀▀▀▀                   1:04 ━━━━━━━━━━──────────────────────────── 4:00               
    ▀▀▀▀▀▀▀▀▀▀▀▀▀▀▀▀▀▀▀▀▀▀▀▀▀▀▀▀▀▀▀▀▀▀▀▀▀▀▀▀▀▀▀▀▀▀▀▀▀▀▀▀▀▀                                                                                  
    ▀▀▀▀▀▀▀▀▀▀▀▀▀▀▀▀▀▀▀▀▀▀▀▀▀▀▀▀▀▀▀▀▀▀▀▀▀▀▀▀▀▀▀▀▀▀▀▀▀▀▀▀▀▀                                        ┌─┐ ┌─┐ ┌─┐ ┌───┐                         
    ▀▀▀▀▀▀▀▀▀▀▀▀▀▀▀▀▀▀▀▀▀▀▀▀▀▀▀▀▀▀▀▀▀▀▀▀▀▀▀▀▀▀▀▀▀▀▀▀▀▀▀▀▀▀                             VOLUME 68% │-│ │M│ │+│ │DEV│                         
    ▀▀▀▀▀▀▀▀▀▀▀▀▀▀▀▀▀▀▀▀▀▀▀▀▀▀▀▀▀▀▀▀▀▀▀▀▀▀▀▀▀▀▀▀▀▀▀▀▀▀▀▀▀▀                                        └─┘ └─┘ └─┘ └───┘                         
    ▀▀▀▀▀▀▀▀▀▀▀▀▀▀▀▀▀▀▀▀▀▀▀▀▀▀▀▀▀▀▀▀▀▀▀▀▀▀▀▀▀▀▀▀▀▀▀▀▀▀▀▀▀▀                                                                                  
    ▀▀▀▀▀▀▀▀▀▀▀▀▀▀▀▀▀▀▀▀▀▀▀▀▀▀▀▀▀▀▀▀▀▀▀▀▀▀▀▀▀▀▀▀▀▀▀▀▀▀▀▀▀▀                                                                                  
                                                                                                                                            
                                                                                                                                            
                                                                                                                                            
────────────────────────────────────────────────────────────────────────────────────────────────────────────────────────────────────────────
 device: Desk Speaker · / search · u queue · b library · d devices · q quit                                     ◆ FOCUS TRANSPORT / PLAYING 
                                                                                                                                            
"
`;

exports[`Phase 5 vinyl frames full-face vinyl 90x26 1`] = `
" SpoTUI ·                                                                                 
                                                                            KEYS   THEME  
──────────────────────────────────────────────────────────────────────────────────────────
                                                                                          
                                    [QUEUE] [LYRICS] [INFO] [DEVICE]  / QUEUE             
                                    Queue is empty. Press u to view or refresh it.        
                                                                                          
     ▀▀▀▀▀▀▀▀▀▀▀▀▀▀▀▀▀▀▀▀▀▀▀▀▀▀                                                           
     ▀▀▀▀▀▀▀▀▀▀▀▀▀▀▀▀▀▀▀▀▀▀▀▀▀▀                  ▮ ▮ ▮     ▮ ▮ ▮ ▮ ▮                      
     ▀▀▀▀▀▀▀▀▀▀▀▀▀▀▀▀▀▀▀▀▀▀▀▀▀▀                  ▮ ▮ ▮     ▮ ▮ ▮ ▮ ▮                      
     ▀▀▀▀▀▀▀▀▀▀▀▀▀▀▀▀▀▀▀▀▀▀▀▀▀▀                        Warm Receiver                      
     ▀▀▀▀▀▀▀▀▀▀▀▀▀▀▀▀▀▀▀▀▀▀▀▀▀▀                 Signal Unit · Night Signals               
     ▀▀▀▀▀▀▀▀▀▀▀▀▀▀▀▀▀▀▀▀▀▀▀▀▀▀                                                           
     ▀▀▀▀▀▀▀▀▀▀▀▀▀▀▀▀▀▀▀▀▀▀▀▀▀▀               ┌───┐ ┌───┐ ┌─────┐ ┌───┐ ┌───┐             
     ▀▀▀▀▀▀▀▀▀▀▀▀▀▀▀▀▀▀▀▀▀▀▀▀▀▀               │ ⇄ │ │|◀ │ │  Ⅱ  │ │▶| │ │ ↻ │             
     ▀▀▀▀▀▀▀▀▀▀▀▀▀▀▀▀▀▀▀▀▀▀▀▀▀▀               └───┘ └───┘ └─────┘ └───┘ └───┘             
     ▀▀▀▀▀▀▀▀▀▀▀▀▀▀▀▀▀▀▀▀▀▀▀▀▀▀                                                           
     ▀▀▀▀▀▀▀▀▀▀▀▀▀▀▀▀▀▀▀▀▀▀▀▀▀▀          1:04  ━━━━━━━━──────────────────────4:00         
     ▀▀▀▀▀▀▀▀▀▀▀▀▀▀▀▀▀▀▀▀▀▀▀▀▀▀                                                           
     ▀▀▀▀▀▀▀▀▀▀▀▀▀▀▀▀▀▀▀▀▀▀▀▀▀▀                            ┌─┐ ┌─┐ ┌─┐ ┌───┐              
                                               VOLUME 68%  │-│ │M│ │+│ │DEV│              
                                                           └─┘ └─┘ └─┘ └───┘              
                                                                                          
──────────────────────────────────────────────────────────────────────────────────────────
 / search · u queue · b library · d device                    ◆ FOCUS TRANSPORT / PLAYING 
                                                                                          
"
`;

exports[`Phase 5 vinyl frames full-face vinyl 72x22 1`] = `
" SpoTUI ·                                                               
                                                          KEYS   THEME  
────────────────────────────────────────────────────────────────────────
                                                                        
  ▀▀▀▀▀▀▀▀▀▀                                                            
  ▀▀▀▀▀▀▀▀▀▀ COMPACT VINYL                                              
  ▀▀▀▀▀▀▀▀▀▀                                                            
                             Warm Receiver                              
                      Signal Unit · Night Signals                       
                                                                        
                     ┌───┐ ┌───┐ ┌─────┐ ┌───┐ ┌───┐                    
                     │ ⇄ │ │|◀ │ │  Ⅱ  │ │▶| │ │ ↻ │                    
                     └───┘ └───┘ └─────┘ └───┘ └───┘                    
            1:04 ━━━━━━━━━━──────────────────────────── 4:00            
                                 ┌─┐ ┌─┐ ┌─┐ ┌───┐                      
                      VOLUME 68% │-│ │M│ │+│ │DEV│                      
                                 └─┘ └─┘ └─┘ └───┘                      
  Queue is empty. Press u to view or refresh it.                        
                                                                        
────────────────────────────────────────────────────────────────────────
 / FIND  U QUEUE  B LIB                     ◆ FOCUS TRANSPORT / PLAYING 
                                                                        
"
`;

exports[`Phase 5 vinyl frames falls back to a stable ASCII record when artwork is unavailable 1`] = `
" SpoTUI ·                                                                                 
                                                                            KEYS   THEME  
──────────────────────────────────────────────────────────────────────────────────────────
                                                                                          
                                    [QUEUE] [LYRICS] [INFO] [DEVICE]  / QUEUE             
                                    Queue is empty. Press u to view or refresh it.        
                                                                                          
                                                                                          
                                                 ▮ ▮ ▮     ▮ ▮ ▮ ▮ ▮                      
                                                 ▮ ▮ ▮     ▮ ▮ ▮ ▮ ▮                      
            .----------.                               Warm Receiver                      
         .-'////////////'-.                     Signal Unit · Night Signals               
       / //// //////// //// \\                                                             
      | /////////.///////// |                 ┌───┐ ┌───┐ ┌─────┐ ┌───┐ ┌───┐             
       \\ //// //////// //// /                 │ ⇄ │ │|◀ │ │  Ⅱ  │ │▶| │ │ ↻ │             
         '-.////////////.-'                   └───┘ └───┘ └─────┘ └───┘ └───┘             
            '----------'                                                                  
                                         1:04  ━━━━━━━━──────────────────────4:00         
                                                                                          
                                                           ┌─┐ ┌─┐ ┌─┐ ┌───┐              
                                               VOLUME 68%  │-│ │M│ │+│ │DEV│              
                                                           └─┘ └─┘ └─┘ └───┘              
                                                                                          
──────────────────────────────────────────────────────────────────────────────────────────
 / search · u queue · b library · d device                    ◆ FOCUS TRANSPORT / PLAYING 
                                                                                          
"
`;
